BL51 BANKED LINKER/LOCATER V6.22.4.0                                                    01/14/2023  02:01:38  PAGE 1


BL51 BANKED LINKER/LOCATER V6.22.4.0, INVOKED BY:
C:\KEIL_V5\C51\BIN\BL51.EXE .\Objects\main.obj, .\Objects\Delay.obj, .\Objects\LCD1602.obj, .\Objects\MatrixKey.obj TO .
>> \Objects\Test12 PRINT (.\Listings\Test12.m51) RAMSIZE (256) DISABLEWARNING (16)


MEMORY MODEL: SMALL


INPUT MODULES INCLUDED:
  .\Objects\main.obj (MAIN)
  .\Objects\Delay.obj (DELAY)
  .\Objects\LCD1602.obj (LCD1602)
  .\Objects\MatrixKey.obj (MATRIXKEY)
  C:\KEIL_V5\C51\LIB\C51S.LIB (?C_STARTUP)
  C:\KEIL_V5\C51\LIB\C51S.LIB (?C?CLDOPTR)
  C:\KEIL_V5\C51\LIB\C51S.LIB (?C?IMUL)
  C:\KEIL_V5\C51\LIB\C51S.LIB (?C?UIDIV)
  C:\KEIL_V5\C51\LIB\C51S.LIB (?C_INIT)


LINK MAP OF MODULE:  .\Objects\Test12 (MAIN)


            TYPE    BASE      LENGTH    RELOCATION   SEGMENT NAME
            -----------------------------------------------------

            * * * * * * *   D A T A   M E M O R Y   * * * * * * *
            REG     0000H     0008H     ABSOLUTE     "REG BANK 0"
            DATA    0008H     0009H     UNIT         _DATA_GROUP_
            DATA    0011H     0007H     UNIT         ?DT?_LCD_SHOWSIGNEDNUM?LCD1602
            DATA    0018H     0005H     UNIT         ?DT?MAIN
            DATA    001DH     0005H     UNIT         ?DT?_LCD_SHOWHEXNUM?LCD1602
            DATA    0022H     0005H     UNIT         ?DT?_LCD_SHOWBINNUM?LCD1602
            IDATA   0027H     0001H     UNIT         ?STACK

            * * * * * * *   C O D E   M E M O R Y   * * * * * * *
            CODE    0000H     0003H     ABSOLUTE     
            CODE    0003H     0189H     UNIT         ?PR?MATRIXKEY?MATRIXKEY
            CODE    018CH     00D8H     UNIT         ?PR?MAIN?MAIN
            CODE    0264H     0094H     UNIT         ?C?LIB_CODE
            CODE    02F8H     008CH     UNIT         ?C_C51STARTUP
            CODE    0384H     003AH     UNIT         ?PR?_LCD_SHOWSIGNEDNUM?LCD1602
            CODE    03BEH     0039H     UNIT         ?PR?_LCD_SHOWHEXNUM?LCD1602
            CODE    03F7H     0038H     UNIT         ?PR?_LCD_SHOWBINNUM?LCD1602
            CODE    042FH     0033H     UNIT         ?PR?_LCD_POW?LCD1602
            CODE    0462H     0023H     UNIT         ?PR?_LCD_SHOWSTRING?LCD1602
            CODE    0485H     001EH     UNIT         ?PR?_LCD_WRITEDATA?LCD1602
            CODE    04A3H     001DH     UNIT         ?PR?_LCD_SHOWNUM?LCD1602
            CODE    04C0H     0016H     UNIT         ?CO?MAIN
            CODE    04D6H     0016H     UNIT         ?PR?_LCD_SETCURSOR?LCD1602
            CODE    04ECH     0014H     UNIT         ?PR?_DELAY?DELAY
            CODE    0500H     0014H     UNIT         ?PR?LCD_INIT?LCD1602
            CODE    0514H     000FH     UNIT         ?PR?LCD_DELAY?LCD1602
            CODE    0523H     000AH     UNIT         ?PR?_LCD_WRITECOMMAND?LCD1602
            CODE    052DH     000AH     UNIT         ?PR?_LCD_SHOWCHAR?LCD1602
            CODE    0537H     0005H     UNIT         ?C_INITSEG


BL51 BANKED LINKER/LOCATER V6.22.4.0                                                  01/14/2023  02:01:38  PAGE 2



OVERLAY MAP OF MODULE:   .\Objects\Test12 (MAIN)


SEGMENT                                  DATA_GROUP 
  +--> CALLED SEGMENT                  START    LENGTH
------------------------------------------------------
?C_C51STARTUP                          -----    -----
  +--> ?PR?MAIN?MAIN
  +--> ?C_INITSEG

?PR?MAIN?MAIN                          -----    -----
  +--> ?PR?LCD_INIT?LCD1602
  +--> ?CO?MAIN
  +--> ?PR?_LCD_SHOWSTRING?LCD1602
  +--> ?PR?_LCD_SHOWNUM?LCD1602
  +--> ?PR?MATRIXKEY?MATRIXKEY

?PR?LCD_INIT?LCD1602                   -----    -----
  +--> ?PR?_LCD_WRITECOMMAND?LCD1602

?PR?_LCD_WRITECOMMAND?LCD1602          -----    -----
  +--> ?PR?LCD_DELAY?LCD1602

?PR?_LCD_SHOWSTRING?LCD1602            0008H    0003H
  +--> ?PR?_LCD_SETCURSOR?LCD1602
  +--> ?PR?_LCD_WRITEDATA?LCD1602

?PR?_LCD_SETCURSOR?LCD1602             -----    -----
  +--> ?PR?_LCD_WRITECOMMAND?LCD1602

?PR?_LCD_WRITEDATA?LCD1602             -----    -----
  +--> ?PR?LCD_DELAY?LCD1602

?PR?_LCD_SHOWNUM?LCD1602               0008H    0005H
  +--> ?PR?_LCD_SETCURSOR?LCD1602
  +--> ?PR?_LCD_POW?LCD1602
  +--> ?PR?_LCD_WRITEDATA?LCD1602

?PR?_LCD_POW?LCD1602                   000DH    0004H

?PR?MATRIXKEY?MATRIXKEY                0008H    0001H
  +--> ?PR?_DELAY?DELAY



SYMBOL TABLE OF MODULE:  .\Objects\Test12 (MAIN)

  VALUE           TYPE          NAME
  ----------------------------------

  -------         MODULE        MAIN
  C:0000H         SYMBOL        _ICE_DUMMY_
  D:0018H         PUBLIC        Count
  C:018CH         PUBLIC        main
  D:001AH         PUBLIC        Password
  D:001CH         PUBLIC        KeyNum
BL51 BANKED LINKER/LOCATER V6.22.4.0                                                  01/14/2023  02:01:38  PAGE 3


  -------         PROC          MAIN
  C:018CH         LINE#         9
  C:018CH         LINE#         10
  C:018CH         LINE#         11
  C:018FH         LINE#         12
  C:019CH         LINE#         13
  C:019CH         LINE#         14
  C:019CH         LINE#         15
  C:01AAH         LINE#         16
  C:01AFH         LINE#         17
  C:01B3H         LINE#         18
  C:01B3H         LINE#         19
  C:01B8H         LINE#         20
  C:01B8H         LINE#         21
  C:01C3H         LINE#         22
  C:01C3H         LINE#         23
  C:01D2H         LINE#         24
  C:01E3H         LINE#         25
  C:01EBH         LINE#         26
  C:01EBH         LINE#         27
  C:01F9H         LINE#         28
  C:01F9H         LINE#         29
  C:01FFH         LINE#         30
  C:01FFH         LINE#         31
  C:0209H         LINE#         32
  C:0209H         LINE#         33
  C:020FH         LINE#         34
  C:020FH         LINE#         35
  C:020FH         LINE#         36
  C:020FH         LINE#         37
  C:0211H         LINE#         39
  C:0211H         LINE#         40
  C:021EH         LINE#         41
  C:0223H         LINE#         42
  C:0227H         LINE#         43
  C:0235H         LINE#         44
  C:0235H         LINE#         45
  C:0235H         LINE#         46
  C:023EH         LINE#         47
  C:023EH         LINE#         48
  C:0242H         LINE#         49
  C:0246H         LINE#         50
  C:0253H         LINE#         51
  C:0261H         LINE#         52
  C:0261H         LINE#         54
  C:0261H         LINE#         57
  -------         ENDPROC       MAIN
  -------         ENDMOD        MAIN

  -------         MODULE        DELAY
  C:0000H         SYMBOL        _ICE_DUMMY_
  C:04ECH         PUBLIC        _Delay
  -------         PROC          _DELAY
  D:0006H         SYMBOL        xms
  -------         DO            
  D:0005H         SYMBOL        i
  D:0004H         SYMBOL        j
BL51 BANKED LINKER/LOCATER V6.22.4.0                                                  01/14/2023  02:01:38  PAGE 4


  -------         ENDDO         
  C:04ECH         LINE#         1
  C:04ECH         LINE#         2
  C:04ECH         LINE#         4
  C:04F0H         LINE#         5
  C:04F0H         LINE#         6
  C:04F2H         LINE#         7
  C:04F4H         LINE#         9
  C:04F4H         LINE#         10
  C:04F6H         LINE#         11
  C:04F8H         LINE#         12
  C:04FDH         LINE#         13
  C:04FFH         LINE#         14
  -------         ENDPROC       _DELAY
  -------         ENDMOD        DELAY

  -------         MODULE        LCD1602
  C:0000H         SYMBOL        _ICE_DUMMY_
  D:0080H         PUBLIC        P0
  D:00A0H         PUBLIC        P2
  C:0523H         PUBLIC        _LCD_WriteCommand
  C:04A3H         PUBLIC        _LCD_ShowNum
  C:03F7H         PUBLIC        _LCD_ShowBinNum
  C:051AH         PUBLIC        LCD_Delay
  C:03BEH         PUBLIC        _LCD_ShowHexNum
  C:0499H         PUBLIC        _LCD_WriteData
  B:00A0H.7       PUBLIC        LCD_EN
  C:0500H         PUBLIC        LCD_Init
  C:0462H         PUBLIC        _LCD_ShowString
  C:052DH         PUBLIC        _LCD_ShowChar
  B:00A0H.6       PUBLIC        LCD_RS
  B:00A0H.5       PUBLIC        LCD_RW
  C:04D6H         PUBLIC        _LCD_SetCursor
  C:0384H         PUBLIC        _LCD_ShowSignedNum
  C:043BH         PUBLIC        _LCD_Pow
  -------         PROC          L?0048
  -------         ENDPROC       L?0048
  -------         PROC          LCD_DELAY
  -------         DO            
  D:0007H         SYMBOL        i
  D:0006H         SYMBOL        j
  -------         ENDDO         
  C:051AH         LINE#         15
  C:051AH         LINE#         16
  C:051AH         LINE#         19
  C:051CH         LINE#         20
  C:051EH         LINE#         22
  C:051EH         LINE#         23
  C:0520H         LINE#         24
  C:0522H         LINE#         25
  -------         ENDPROC       LCD_DELAY
  -------         PROC          _LCD_WRITECOMMAND
  D:0007H         SYMBOL        Command
  C:0523H         LINE#         32
  C:0523H         LINE#         33
  C:0523H         LINE#         34
  C:0525H         LINE#         35
BL51 BANKED LINKER/LOCATER V6.22.4.0                                                  01/14/2023  02:01:38  PAGE 5


  C:0525H         LINE#         36
  C:0525H         LINE#         37
  C:0525H         LINE#         38
  C:0528H         LINE#         39
  C:052AH         LINE#         40
  -------         ENDPROC       _LCD_WRITECOMMAND
  -------         PROC          L?0047
  -------         ENDPROC       L?0047
  -------         PROC          _LCD_WRITEDATA
  D:0007H         SYMBOL        Data
  C:0499H         LINE#         48
  C:0499H         LINE#         49
  C:0499H         LINE#         50
  C:049BH         LINE#         51
  C:049BH         LINE#         52
  C:049BH         LINE#         53
  C:049BH         LINE#         54
  C:049EH         LINE#         55
  C:04A0H         LINE#         56
  -------         ENDPROC       _LCD_WRITEDATA
  -------         PROC          _LCD_SETCURSOR
  D:0006H         SYMBOL        Line
  D:0005H         SYMBOL        Column
  C:04D6H         LINE#         65
  C:04D8H         LINE#         66
  C:04D8H         LINE#         67
  C:04DBH         LINE#         68
  C:04DBH         LINE#         69
  C:04DDH         LINE#         70
  C:04DFH         LINE#         71
  C:04E2H         LINE#         72
  C:04E2H         LINE#         73
  C:04EBH         LINE#         74
  C:04EBH         LINE#         75
  -------         ENDPROC       _LCD_SETCURSOR
  -------         PROC          LCD_INIT
  C:0500H         LINE#         82
  C:0500H         LINE#         83
  C:0500H         LINE#         84
  C:0505H         LINE#         85
  C:050AH         LINE#         86
  C:050FH         LINE#         87
  -------         ENDPROC       LCD_INIT
  -------         PROC          _LCD_SHOWCHAR
  D:0006H         SYMBOL        Line
  D:0005H         SYMBOL        Column
  D:0004H         SYMBOL        Char
  C:052DH         LINE#         97
  C:052FH         LINE#         98
  C:052FH         LINE#         99
  C:0532H         LINE#         100
  -------         ENDPROC       _LCD_SHOWCHAR
  -------         PROC          _LCD_SHOWSTRING
  D:0007H         SYMBOL        Line
  D:0005H         SYMBOL        Column
  D:0008H         SYMBOL        String
  -------         DO            
BL51 BANKED LINKER/LOCATER V6.22.4.0                                                  01/14/2023  02:01:38  PAGE 6


  D:0005H         SYMBOL        i
  -------         ENDDO         
  C:0462H         LINE#         110
  C:0468H         LINE#         111
  C:0468H         LINE#         113
  C:046BH         LINE#         114
  C:047EH         LINE#         115
  C:047EH         LINE#         116
  C:0481H         LINE#         117
  C:0484H         LINE#         118
  -------         ENDPROC       _LCD_SHOWSTRING
  C:0431H         SYMBOL        L?0046
  -------         PROC          L?0045
  -------         ENDPROC       L?0045
  C:0431H         SYMBOL        L?0046
  -------         PROC          _LCD_POW
  D:000DH         SYMBOL        X
  D:000FH         SYMBOL        Y
  -------         DO            
  D:0003H         SYMBOL        i
  D:0006H         SYMBOL        Result
  -------         ENDDO         
  C:043BH         LINE#         123
  C:0443H         LINE#         124
  C:0443H         LINE#         126
  C:0447H         LINE#         127
  C:0457H         LINE#         128
  C:0457H         LINE#         129
  C:045EH         LINE#         130
  C:0461H         LINE#         131
  C:0461H         LINE#         132
  -------         ENDPROC       _LCD_POW
  -------         PROC          _LCD_SHOWNUM
  D:0007H         SYMBOL        Line
  D:0005H         SYMBOL        Column
  D:000AH         SYMBOL        Number
  D:000CH         SYMBOL        Length
  -------         DO            
  D:0002H         SYMBOL        i
  -------         ENDDO         
  C:04A3H         LINE#         142
  C:04A7H         LINE#         143
  C:04A7H         LINE#         145
  C:04AAH         LINE#         146
  C:04B2H         LINE#         147
  C:04B2H         LINE#         148
  C:04BCH         LINE#         149
  C:04BFH         LINE#         150
  -------         ENDPROC       _LCD_SHOWNUM
  -------         PROC          _LCD_SHOWSIGNEDNUM
  D:0007H         SYMBOL        Line
  D:0005H         SYMBOL        Column
  D:0002H         SYMBOL        Number
  D:0015H         SYMBOL        Length
  -------         DO            
  D:0002H         SYMBOL        i
  D:0016H         SYMBOL        Number1
BL51 BANKED LINKER/LOCATER V6.22.4.0                                                  01/14/2023  02:01:38  PAGE 7


  -------         ENDDO         
  C:0384H         LINE#         160
  C:0384H         LINE#         161
  C:0384H         LINE#         164
  C:0387H         LINE#         165
  C:038FH         LINE#         166
  C:038FH         LINE#         167
  C:0394H         LINE#         168
  C:0398H         LINE#         169
  C:039AH         LINE#         171
  C:039AH         LINE#         172
  C:039FH         LINE#         173
  C:03A8H         LINE#         174
  C:03A8H         LINE#         175
  C:03B0H         LINE#         176
  C:03B0H         LINE#         177
  C:03BAH         LINE#         178
  C:03BDH         LINE#         179
  -------         ENDPROC       _LCD_SHOWSIGNEDNUM
  -------         PROC          _LCD_SHOWHEXNUM
  D:0007H         SYMBOL        Line
  D:0005H         SYMBOL        Column
  D:001FH         SYMBOL        Number
  D:0021H         SYMBOL        Length
  -------         DO            
  D:0002H         SYMBOL        i
  D:0006H         SYMBOL        SingleNumber
  -------         ENDDO         
  C:03BEH         LINE#         189
  C:03C2H         LINE#         190
  C:03C2H         LINE#         192
  C:03C5H         LINE#         193
  C:03CDH         LINE#         194
  C:03CDH         LINE#         195
  C:03E3H         LINE#         196
  C:03E9H         LINE#         197
  C:03E9H         LINE#         198
  C:03EBH         LINE#         199
  C:03EDH         LINE#         201
  C:03EDH         LINE#         202
  C:03F3H         LINE#         203
  C:03F3H         LINE#         204
  C:03F6H         LINE#         205
  -------         ENDPROC       _LCD_SHOWHEXNUM
  -------         PROC          _LCD_SHOWBINNUM
  D:0007H         SYMBOL        Line
  D:0005H         SYMBOL        Column
  D:0024H         SYMBOL        Number
  D:0026H         SYMBOL        Length
  -------         DO            
  D:0002H         SYMBOL        i
  -------         ENDDO         
  C:03F7H         LINE#         215
  C:03FBH         LINE#         216
  C:03FBH         LINE#         218
  C:03FEH         LINE#         219
  C:0406H         LINE#         220
BL51 BANKED LINKER/LOCATER V6.22.4.0                                                  01/14/2023  02:01:38  PAGE 8


  C:0406H         LINE#         221
  C:042BH         LINE#         222
  C:042EH         LINE#         223
  -------         ENDPROC       _LCD_SHOWBINNUM
  -------         ENDMOD        LCD1602

  -------         MODULE        MATRIXKEY
  C:0000H         SYMBOL        _ICE_DUMMY_
  D:0090H         PUBLIC        P1
  B:0090H.0       PUBLIC        P1_0
  B:0090H.1       PUBLIC        P1_1
  B:0090H.2       PUBLIC        P1_2
  B:0090H.3       PUBLIC        P1_3
  B:0090H.4       PUBLIC        P1_4
  B:0090H.5       PUBLIC        P1_5
  B:0090H.6       PUBLIC        P1_6
  B:0090H.7       PUBLIC        P1_7
  C:0003H         PUBLIC        MatrixKey
  -------         PROC          MATRIXKEY
  -------         DO            
  D:0008H         SYMBOL        KeyNumber
  -------         ENDDO         
  C:0003H         LINE#         9
  C:0003H         LINE#         10
  C:0003H         LINE#         11
  C:0006H         LINE#         13
  C:0009H         LINE#         14
  C:000BH         LINE#         15
  C:0021H         LINE#         16
  C:0038H         LINE#         17
  C:004FH         LINE#         18
  C:0066H         LINE#         20
  C:0069H         LINE#         21
  C:006BH         LINE#         22
  C:0082H         LINE#         23
  C:0099H         LINE#         24
  C:00B0H         LINE#         25
  C:00C7H         LINE#         27
  C:00CAH         LINE#         28
  C:00CCH         LINE#         29
  C:00E3H         LINE#         30
  C:00FAH         LINE#         31
  C:0111H         LINE#         32
  C:0128H         LINE#         34
  C:012BH         LINE#         35
  C:012DH         LINE#         36
  C:0144H         LINE#         37
  C:015BH         LINE#         38
  C:0172H         LINE#         39
  C:0189H         LINE#         41
  C:018BH         LINE#         42
  -------         ENDPROC       MATRIXKEY
  -------         ENDMOD        MATRIXKEY

  -------         MODULE        ?C?CLDOPTR
  C:0264H         PUBLIC        ?C?CLDOPTR
  -------         ENDMOD        ?C?CLDOPTR
BL51 BANKED LINKER/LOCATER V6.22.4.0                                                  01/14/2023  02:01:38  PAGE 9



  -------         MODULE        ?C?IMUL
  C:0291H         PUBLIC        ?C?IMUL
  -------         ENDMOD        ?C?IMUL

  -------         MODULE        ?C?UIDIV
  C:02A3H         PUBLIC        ?C?UIDIV
  -------         ENDMOD        ?C?UIDIV

Program Size: data=40.0 xdata=0 code=1340
LINK/LOCATE RUN COMPLETE.  0 WARNING(S),  0 ERROR(S)
