BL51 BANKED LINKER/LOCATER V6.22.4.0                                                    01/12/2023  21:29:55  PAGE 1


BL51 BANKED LINKER/LOCATER V6.22.4.0, INVOKED BY:
C:\KEIL_V5\C51\BIN\BL51.EXE .\Objects\main.obj TO .\Objects\Test7 PRINT (.\Listings\Test7.m51) RAMSIZE (256)


MEMORY MODEL: SMALL


INPUT MODULES INCLUDED:
  .\Objects\main.obj (MAIN)
  C:\KEIL_V5\C51\LIB\C51S.LIB (?C_STARTUP)


LINK MAP OF MODULE:  .\Objects\Test7 (MAIN)


            TYPE    BASE      LENGTH    RELOCATION   SEGMENT NAME
            -----------------------------------------------------

            * * * * * * *   D A T A   M E M O R Y   * * * * * * *
            REG     0000H     0008H     ABSOLUTE     "REG BANK 0"
            IDATA   0008H     0001H     UNIT         ?STACK

            * * * * * * *   C O D E   M E M O R Y   * * * * * * *
            CODE    0000H     0003H     ABSOLUTE     
            CODE    0003H     004AH     UNIT         ?PR?MAIN?MAIN
            CODE    004DH     0018H     UNIT         ?PR?_DELAY1MS?MAIN
            CODE    0065H     000CH     UNIT         ?C_C51STARTUP



OVERLAY MAP OF MODULE:   .\Objects\Test7 (MAIN)


SEGMENT
  +--> CALLED SEGMENT
---------------------
?C_C51STARTUP
  +--> ?PR?MAIN?MAIN

?PR?MAIN?MAIN
  +--> ?PR?_DELAY1MS?MAIN



SYMBOL TABLE OF MODULE:  .\Objects\Test7 (MAIN)

  VALUE           TYPE          NAME
  ----------------------------------

  -------         MODULE        MAIN
  C:0000H         SYMBOL        _ICE_DUMMY_
  D:00A0H         PUBLIC        P2
  C:0051H         PUBLIC        _Delay1ms
  B:00B0H.0       PUBLIC        P3_0
  B:00B0H.1       PUBLIC        P3_1
  C:0003H         PUBLIC        main
  C:004DH         SYMBOL        L?0027
  -------         PROC          L?0026
BL51 BANKED LINKER/LOCATER V6.22.4.0                                                  01/12/2023  21:29:55  PAGE 2


  -------         ENDPROC       L?0026
  C:004DH         SYMBOL        L?0027
  -------         PROC          _DELAY1MS
  D:0006H         SYMBOL        x
  -------         DO            
  D:0005H         SYMBOL        i
  D:0004H         SYMBOL        j
  -------         ENDDO         
  C:0051H         LINE#         4
  C:0051H         LINE#         5
  C:0051H         LINE#         7
  C:0055H         LINE#         8
  C:0055H         LINE#         9
  C:0057H         LINE#         10
  C:0059H         LINE#         12
  C:0059H         LINE#         13
  C:005BH         LINE#         14
  C:005DH         LINE#         16
  C:0062H         LINE#         17
  C:0064H         LINE#         18
  -------         ENDPROC       _DELAY1MS
  -------         PROC          MAIN
  -------         DO            
  D:0003H         SYMBOL        LEDNum
  -------         ENDDO         
  C:0003H         LINE#         20
  C:0003H         LINE#         21
  C:0003H         LINE#         23
  C:0006H         LINE#         24
  C:0006H         LINE#         25
  C:0006H         LINE#         26
  C:0009H         LINE#         27
  C:0009H         LINE#         28
  C:000CH         LINE#         29
  C:000FH         LINE#         30
  C:0012H         LINE#         32
  C:0013H         LINE#         33
  C:0019H         LINE#         34
  C:0019H         LINE#         35
  C:001BH         LINE#         36
  C:001BH         LINE#         37
  C:0029H         LINE#         38
  C:0029H         LINE#         39
  C:002CH         LINE#         40
  C:002CH         LINE#         41
  C:002FH         LINE#         42
  C:0032H         LINE#         43
  C:0035H         LINE#         45
  C:0038H         LINE#         46
  C:0038H         LINE#         47
  C:003AH         LINE#         48
  C:003CH         LINE#         50
  C:003CH         LINE#         51
  C:003DH         LINE#         52
  C:003DH         LINE#         54
  C:004BH         LINE#         55
  C:004BH         LINE#         56
BL51 BANKED LINKER/LOCATER V6.22.4.0                                                  01/12/2023  21:29:55  PAGE 3


  -------         ENDPROC       MAIN
  -------         ENDMOD        MAIN

Program Size: data=9.0 xdata=0 code=113
LINK/LOCATE RUN COMPLETE.  0 WARNING(S),  0 ERROR(S)
